// Jest Snapshot v1, https://goo.gl/fbAQLP

exports[`Profile Component matches the snapshot 1`] = `
<RCTScrollView
  style={
    {
      "backgroundColor": "#232323",
    }
  }
>
  <View>
    <View
      style={
        {
          "backgroundColor": "#B3A0ff",
          "flex": 1,
          "height": 320,
        }
      }
    >
      <View
        style={
          {
            "alignItems": "center",
            "flexDirection": "row",
            "justifyContent": "center",
            "paddingBottom": 20,
            "paddingHorizontal": 20,
            "paddingTop": 50,
            "position": "relative",
            "width": "100%",
          }
        }
      >
        <Text
          style={
            {
              "color": "white",
              "flex": 1,
              "fontSize": 25,
              "fontWeight": "bold",
              "textAlign": "left",
            }
          }
        >
          My Profile
        </Text>
      </View>
      <View
        style={
          {
            "alignItems": "center",
            "justifyContent": "center",
            "marginTop": -20,
          }
        }
      >
        <Image
          source={
            {
              "testUri": "../../../assets/image-placeholder.jpg",
            }
          }
          style={
            {
              "borderRadius": 100,
              "height": 125,
              "width": 125,
            }
          }
        />
      </View>
      <View>
        <Text
          style={
            {
              "color": "white",
              "fontSize": 25,
              "fontWeight": "bold",
              "textAlign": "center",
            }
          }
        >
          John Doe
        </Text>
        <Text
          style={
            {
              "color": "white",
              "fontSize": 15,
              "textAlign": "center",
            }
          }
        >
          johnDoe@email.com
        </Text>
        <Text
          style={
            {
              "color": "white",
              "fontSize": 15,
              "fontWeight": "bold",
              "textAlign": "center",
            }
          }
        >
          Birthday: 
          <Text
            style={
              {
                "color": "white",
                "fontSize": 15,
                "fontWeight": "normal",
                "textAlign": "center",
              }
            }
          >
            01/01/2001
          </Text>
        </Text>
      </View>
    </View>
    <View
      style={
        {
          "alignItems": "center",
          "alignSelf": "center",
          "backgroundColor": "#896CFE",
          "borderRadius": 10,
          "flexDirection": "row",
          "height": 60,
          "justifyContent": "center",
          "marginTop": -30,
          "paddingHorizontal": 10,
          "width": "60%",
        }
      }
    >
      <View
        style={
          {
            "alignItems": "center",
            "flexDirection": "column",
            "paddingHorizontal": 20,
          }
        }
      >
        <Text
          style={
            {
              "color": "white",
              "fontSize": 14,
              "fontWeight": "bold",
            }
          }
        >
          Weight
        </Text>
        <Text
          style={
            {
              "color": "white",
              "fontSize": 12,
              "marginTop": 4,
            }
          }
        >
          70
           kg
        </Text>
      </View>
      <View
        style={
          {
            "backgroundColor": "white",
            "height": "70%",
            "width": 1,
          }
        }
      />
      <View
        style={
          {
            "alignItems": "center",
            "flexDirection": "column",
            "paddingHorizontal": 20,
          }
        }
      >
        <Text
          style={
            {
              "color": "white",
              "fontSize": 14,
              "fontWeight": "bold",
            }
          }
        >
          Age
        </Text>
        <Text
          style={
            {
              "color": "white",
              "fontSize": 12,
              "marginTop": 4,
            }
          }
        >
          20
        </Text>
      </View>
      <View
        style={
          {
            "backgroundColor": "white",
            "height": "70%",
            "width": 1,
          }
        }
      />
      <View
        style={
          {
            "alignItems": "center",
            "flexDirection": "column",
            "paddingHorizontal": 20,
          }
        }
      >
        <Text
          style={
            {
              "color": "white",
              "fontSize": 14,
              "fontWeight": "bold",
            }
          }
        >
          Height
        </Text>
        <Text
          style={
            {
              "color": "white",
              "fontSize": 12,
              "marginTop": 4,
            }
          }
        >
          180
           cm
        </Text>
      </View>
    </View>
    <View
      style={
        {
          "marginTop": 20,
        }
      }
    >
      <View
        collapsable={false}
        style={
          {
            "transform": [
              {
                "scale": 1,
              },
            ],
          }
        }
      >
        <View
          accessible={true}
          collapsable={false}
          focusable={true}
          onBlur={[Function]}
          onClick={[Function]}
          onFocus={[Function]}
          onResponderGrant={[Function]}
          onResponderMove={[Function]}
          onResponderRelease={[Function]}
          onResponderTerminate={[Function]}
          onResponderTerminationRequest={[Function]}
          onStartShouldSetResponder={[Function]}
          style={
            {
              "alignItems": "center",
              "flexDirection": "row",
              "paddingLeft": 20,
              "paddingTop": 20,
            }
          }
        >
          <Image
            source={
              {
                "testUri": "../../../assets/profileIcons/Component_39.png",
              }
            }
            style={
              {
                "height": 30,
                "width": 30,
              }
            }
          />
          <Text
            style={
              {
                "color": "white",
                "fontSize": 18,
                "fontWeight": "400",
                "paddingLeft": 20,
                "paddingTop": 7,
              }
            }
          >
            Edit my Profile
          </Text>
        </View>
      </View>
      <View
        collapsable={false}
        style={
          {
            "transform": [
              {
                "scale": 1,
              },
            ],
          }
        }
      >
        <View
          accessible={true}
          collapsable={false}
          focusable={true}
          onBlur={[Function]}
          onClick={[Function]}
          onFocus={[Function]}
          onResponderGrant={[Function]}
          onResponderMove={[Function]}
          onResponderRelease={[Function]}
          onResponderTerminate={[Function]}
          onResponderTerminationRequest={[Function]}
          onStartShouldSetResponder={[Function]}
          style={
            {
              "alignItems": "center",
              "flexDirection": "row",
              "paddingLeft": 20,
              "paddingTop": 20,
            }
          }
        >
          <Image
            source={
              {
                "testUri": "../../../assets/profileIcons/Component_41.png",
              }
            }
            style={
              {
                "height": 30,
                "width": 30,
              }
            }
          />
          <Text
            style={
              {
                "color": "white",
                "fontSize": 18,
                "fontWeight": "400",
                "paddingLeft": 20,
                "paddingTop": 7,
              }
            }
          >
            Change my Password
          </Text>
        </View>
      </View>
      <View
        collapsable={false}
        style={
          {
            "transform": [
              {
                "scale": 1,
              },
            ],
          }
        }
      >
        <View
          accessible={true}
          collapsable={false}
          focusable={true}
          onBlur={[Function]}
          onClick={[Function]}
          onFocus={[Function]}
          onResponderGrant={[Function]}
          onResponderMove={[Function]}
          onResponderRelease={[Function]}
          onResponderTerminate={[Function]}
          onResponderTerminationRequest={[Function]}
          onStartShouldSetResponder={[Function]}
          style={
            {
              "alignItems": "center",
              "flexDirection": "row",
              "paddingLeft": 20,
              "paddingTop": 20,
            }
          }
        >
          <Image
            source={
              {
                "testUri": "../../../assets/profileIcons/Component_44.png",
              }
            }
            style={
              {
                "height": 30,
                "width": 30,
              }
            }
          />
          <Text
            style={
              {
                "color": "white",
                "fontSize": 18,
                "fontWeight": "400",
                "paddingLeft": 20,
                "paddingTop": 7,
              }
            }
          >
            Logout
          </Text>
        </View>
      </View>
    </View>
  </View>
</RCTScrollView>
`;
